#0 building with "default" instance using docker driver

#1 [backend internal] load build definition from Dockerfile
#1 transferring dockerfile: 480B done
#1 DONE 0.0s

#2 [backend internal] load metadata for docker.io/library/python:3.13-slim
#2 DONE 0.0s

#3 [backend internal] load .dockerignore
#3 transferring context: 92B done
#3 DONE 0.0s

#4 [backend 1/7] FROM docker.io/library/python:3.13-slim
#4 DONE 0.0s

#5 [backend internal] load build context
#5 transferring context: 554.70kB done
#5 DONE 0.0s

#6 [backend 6/7] COPY tests/ ./tests/
#6 CACHED

#7 [backend 2/7] WORKDIR /app
#7 CACHED

#8 [backend 4/7] RUN pip install --no-cache-dir -r requirements.txt
#8 CACHED

#9 [backend 3/7] COPY requirements.txt .
#9 CACHED

#10 [backend 5/7] COPY app/ ./app/
#10 CACHED

#11 [backend 7/7] RUN mkdir -p data
#11 CACHED

#12 [backend] exporting to image
#12 exporting layers done
#12 writing image sha256:dfbf74e2e7afa0502e5d8e74657cf545a2ededc9310484b0fd79aef9a3c116de done
#12 naming to docker.io/library/inversiones-app-backend 0.1s done
#12 DONE 0.1s

#13 [frontend internal] load build definition from Dockerfile
#13 transferring dockerfile: 915B done
#13 DONE 0.0s

#14 [frontend internal] load metadata for docker.io/library/node:20
#14 DONE 0.0s

#15 [frontend internal] load metadata for docker.io/library/nginx:alpine
#15 DONE 0.0s

#16 [frontend internal] load .dockerignore
#16 transferring context: 2B done
#16 DONE 0.0s

#17 [frontend build 1/6] FROM docker.io/library/node:20
#17 DONE 0.0s

#18 [frontend stage-1 1/3] FROM docker.io/library/nginx:alpine
#18 DONE 0.0s

#19 [frontend internal] load build context
#19 transferring context: 513.27kB done
#19 DONE 0.0s

#20 [frontend build 2/6] WORKDIR /app
#20 CACHED

#21 [frontend build 3/6] COPY package*.json ./
#21 CACHED

#22 [frontend build 4/6] RUN npm config set fetch-timeout 120000 &&     npm config set fetch-retry-mintimeout 20000 &&     npm config set fetch-retry-maxtimeout 120000 &&     npm ci --production=false || npm install --production=false
#22 1.083 npm warn config production Use `--omit=dev` instead.
